Archive member included to satisfy reference by file (symbol)

c:/program files (x86)/atmel/studio/7.0/toolchain/avr8/avr8-gnu-toolchain/bin/../lib/gcc/avr/5.4.0/../../../../avr/lib/avr5\libm.a(addsf3.o)
                              HAL/LCD/LCD_prog.o (__subsf3)
c:/program files (x86)/atmel/studio/7.0/toolchain/avr8/avr8-gnu-toolchain/bin/../lib/gcc/avr/5.4.0/../../../../avr/lib/avr5\libm.a(addsf3x.o)
                              c:/program files (x86)/atmel/studio/7.0/toolchain/avr8/avr8-gnu-toolchain/bin/../lib/gcc/avr/5.4.0/../../../../avr/lib/avr5\libm.a(addsf3.o) (__addsf3x)
c:/program files (x86)/atmel/studio/7.0/toolchain/avr8/avr8-gnu-toolchain/bin/../lib/gcc/avr/5.4.0/../../../../avr/lib/avr5\libm.a(cmpsf2.o)
                              HAL/LCD/LCD_prog.o (__ltsf2)
c:/program files (x86)/atmel/studio/7.0/toolchain/avr8/avr8-gnu-toolchain/bin/../lib/gcc/avr/5.4.0/../../../../avr/lib/avr5\libm.a(divsf3.o)
                              MCAL/ADC/ADC_prog.o (__divsf3)
c:/program files (x86)/atmel/studio/7.0/toolchain/avr8/avr8-gnu-toolchain/bin/../lib/gcc/avr/5.4.0/../../../../avr/lib/avr5\libm.a(divsf3x.o)
                              c:/program files (x86)/atmel/studio/7.0/toolchain/avr8/avr8-gnu-toolchain/bin/../lib/gcc/avr/5.4.0/../../../../avr/lib/avr5\libm.a(divsf3.o) (__divsf3x)
c:/program files (x86)/atmel/studio/7.0/toolchain/avr8/avr8-gnu-toolchain/bin/../lib/gcc/avr/5.4.0/../../../../avr/lib/avr5\libm.a(fixsfsi.o)
                              HAL/LCD/LCD_prog.o (__fixsfsi)
c:/program files (x86)/atmel/studio/7.0/toolchain/avr8/avr8-gnu-toolchain/bin/../lib/gcc/avr/5.4.0/../../../../avr/lib/avr5\libm.a(fixunssfsi.o)
                              MCAL/ADC/ADC_prog.o (__fixunssfsi)
c:/program files (x86)/atmel/studio/7.0/toolchain/avr8/avr8-gnu-toolchain/bin/../lib/gcc/avr/5.4.0/../../../../avr/lib/avr5\libm.a(floatsisf.o)
                              HAL/ULTRASONIC/Ultrasonic_prog.o (__floatunsisf)
c:/program files (x86)/atmel/studio/7.0/toolchain/avr8/avr8-gnu-toolchain/bin/../lib/gcc/avr/5.4.0/../../../../avr/lib/avr5\libm.a(fp_cmp.o)
                              c:/program files (x86)/atmel/studio/7.0/toolchain/avr8/avr8-gnu-toolchain/bin/../lib/gcc/avr/5.4.0/../../../../avr/lib/avr5\libm.a(cmpsf2.o) (__fp_cmp)
c:/program files (x86)/atmel/studio/7.0/toolchain/avr8/avr8-gnu-toolchain/bin/../lib/gcc/avr/5.4.0/../../../../avr/lib/avr5\libm.a(fp_inf.o)
                              c:/program files (x86)/atmel/studio/7.0/toolchain/avr8/avr8-gnu-toolchain/bin/../lib/gcc/avr/5.4.0/../../../../avr/lib/avr5\libm.a(addsf3x.o) (__fp_inf)
c:/program files (x86)/atmel/studio/7.0/toolchain/avr8/avr8-gnu-toolchain/bin/../lib/gcc/avr/5.4.0/../../../../avr/lib/avr5\libm.a(fp_nan.o)
                              c:/program files (x86)/atmel/studio/7.0/toolchain/avr8/avr8-gnu-toolchain/bin/../lib/gcc/avr/5.4.0/../../../../avr/lib/avr5\libm.a(addsf3x.o) (__fp_nan)
c:/program files (x86)/atmel/studio/7.0/toolchain/avr8/avr8-gnu-toolchain/bin/../lib/gcc/avr/5.4.0/../../../../avr/lib/avr5\libm.a(fp_pscA.o)
                              c:/program files (x86)/atmel/studio/7.0/toolchain/avr8/avr8-gnu-toolchain/bin/../lib/gcc/avr/5.4.0/../../../../avr/lib/avr5\libm.a(addsf3x.o) (__fp_pscA)
c:/program files (x86)/atmel/studio/7.0/toolchain/avr8/avr8-gnu-toolchain/bin/../lib/gcc/avr/5.4.0/../../../../avr/lib/avr5\libm.a(fp_pscB.o)
                              c:/program files (x86)/atmel/studio/7.0/toolchain/avr8/avr8-gnu-toolchain/bin/../lib/gcc/avr/5.4.0/../../../../avr/lib/avr5\libm.a(addsf3x.o) (__fp_pscB)
c:/program files (x86)/atmel/studio/7.0/toolchain/avr8/avr8-gnu-toolchain/bin/../lib/gcc/avr/5.4.0/../../../../avr/lib/avr5\libm.a(fp_round.o)
                              c:/program files (x86)/atmel/studio/7.0/toolchain/avr8/avr8-gnu-toolchain/bin/../lib/gcc/avr/5.4.0/../../../../avr/lib/avr5\libm.a(addsf3.o) (__fp_round)
c:/program files (x86)/atmel/studio/7.0/toolchain/avr8/avr8-gnu-toolchain/bin/../lib/gcc/avr/5.4.0/../../../../avr/lib/avr5\libm.a(fp_split3.o)
                              c:/program files (x86)/atmel/studio/7.0/toolchain/avr8/avr8-gnu-toolchain/bin/../lib/gcc/avr/5.4.0/../../../../avr/lib/avr5\libm.a(addsf3x.o) (__fp_split3)
c:/program files (x86)/atmel/studio/7.0/toolchain/avr8/avr8-gnu-toolchain/bin/../lib/gcc/avr/5.4.0/../../../../avr/lib/avr5\libm.a(fp_zero.o)
                              c:/program files (x86)/atmel/studio/7.0/toolchain/avr8/avr8-gnu-toolchain/bin/../lib/gcc/avr/5.4.0/../../../../avr/lib/avr5\libm.a(addsf3x.o) (__fp_zero)
c:/program files (x86)/atmel/studio/7.0/toolchain/avr8/avr8-gnu-toolchain/bin/../lib/gcc/avr/5.4.0/../../../../avr/lib/avr5\libm.a(mulsf3.o)
                              HAL/LCD/LCD_prog.o (__mulsf3)
c:/program files (x86)/atmel/studio/7.0/toolchain/avr8/avr8-gnu-toolchain/bin/../lib/gcc/avr/5.4.0/../../../../avr/lib/avr5\libm.a(mulsf3x.o)
[...]
Memory Configuration

Name             Origin             Length             Attributes
text             0x00000000         0x00008000         xr
data             0x00800060         0x00000800         rw !x
eeprom           0x00810000         0x00000400         rw !x
fuse             0x00820000         0x00000002         rw !x
lock             0x00830000         0x00000400         rw !x
signature        0x00840000         0x00000400         rw !x
user_signatures  0x00850000         0x00000400         rw !x
*default*        0x00000000         0xffffffff

Linker script and memory map

LOAD C:/Program Files (x86)/Atmel/Studio/7.0/Packs/atmel/ATmega_DFP/1.7.374/gcc/dev/atmega32/avr5/crtatmega32.o
LOAD Apllications/Amit_project.o
LOAD Apllications/Analog_Read_Interrupt.o
LOAD Apllications/Paddle_Game.o
LOAD Apllications/Password_app.o
LOAD Apllications/SPI.o
LOAD Apllications/Stop_watch.o
LOAD Apllications/UART.o
LOAD APP/main.o
LOAD FreeRTOS/heap_2.o
LOAD FreeRTOS/list.o
LOAD FreeRTOS/port.o
LOAD FreeRTOS/queue.o
LOAD FreeRTOS/tasks.o
LOAD HAL/DC_MOTOR/DC_prog.o
LOAD HAL/EEPROM/EEPROM_prog.o
LOAD HAL/KEYPAD/KEYPAD_prog.o
LOAD HAL/LCD/LCD_prog.o
LOAD HAL/LED/LED_prog.o
LOAD HAL/MOTOR/MOTOR_prog.o
LOAD HAL/RTC/RTC_prog.o
LOAD HAL/SERVO_MOTOR/SERVO_prog.o
LOAD HAL/SSD/SSD_prog.o
LOAD HAL/STEPPER/STEPPER_prog.o
LOAD HAL/TFT/TFT_prog.o
LOAD HAL/ULTRASONIC/Ultrasonic_prog.o
LOAD MCAL/ADC/ADC_prog.o
LOAD MCAL/ADC_INT/ADC_INT_prog.o
LOAD MCAL/DIO/DIO_prog.o
LOAD MCAL/EXTI/EXTI_prog.o
LOAD MCAL/GI/GI_prog.o
LOAD MCAL/IEEPROM/IEEPROM_prog.o
LOAD MCAL/SPI/SPI_prog.o
LOAD MCAL/TIMER0/TIMER0_prog.o
LOAD MCAL/TIMER1/TIMER1_prog.o
LOAD MCAL/TIMER2/TIMER2_prog.o
LOAD MCAL/TWI/TWI_prog.o
LOAD MCAL/UART/UART_prog.o
LOAD MCAL/UART_INT/UART_prog.o
LOAD MCAL/WDT/WDT_prog.o
LOAD RTOS_STACK/Kernel_prog.o
LOAD Service layer/Software_ICU/ICU_prog.o
START GROUP
LOAD c:/program files (x86)/atmel/studio/7.0/toolchain/avr8/avr8-gnu-toolchain/bin/../lib/gcc/avr/5.4.0/../../../../avr/lib/avr5\libm.a
END GROUP
START GROUP
LOAD c:/program files (x86)/atmel/studio/7.0/toolchain/avr8/avr8-gnu-toolchain/bin/../lib/gcc/avr/5.4.0/avr5\libgcc.a
LOAD c:/program files (x86)/atmel/studio/7.0/toolchain/avr8/avr8-gnu-toolchain/bin/../lib/gcc/avr/5.4.0/../../../../avr/lib/avr5\libm.a
LOAD c:/program files (x86)/atmel/studio/7.0/toolchain/avr8/avr8-gnu-toolchain/bin/../lib/gcc/avr/5.4.0/../../../../avr/lib/avr5\libc.a
LOAD C:/Program Files (x86)/Atmel/Studio/7.0/Packs/atmel/ATmega_DFP/1.7.374/gcc/dev/atmega32/avr5\libatmega32.a
END GROUP
                0x00000000                __TEXT_REGION_ORIGIN__ = DEFINED (__TEXT_REGION_ORIGIN__)?__TEXT_REGION_ORIGIN__:0x0
                [0x00800060]                __DATA_REGION_ORIGIN__ = DEFINED (__DATA_REGION_ORIGIN__)?__DATA_REGION_ORIGIN__:0x800060
                [0x00008000]                __TEXT_REGION_LENGTH__ = DEFINED (__TEXT_REGION_LENGTH__)?__TEXT_REGION_LENGTH__:0x20000
                [0x00000800]                __DATA_REGION_LENGTH__ = DEFINED (__DATA_REGION_LENGTH__)?__DATA_REGION_LENGTH__:0xffa0
                [0x00000400]                __EEPROM_REGION_LENGTH__ = DEFINED (__EEPROM_REGION_LENGTH__)?__EEPROM_REGION_LENGTH__:0x10000
                [0x00000002]                __FUSE_REGION_LENGTH__ = DEFINED (__FUSE_REGION_LENGTH__)?__FUSE_REGION_LENGTH__:0x400
                0x00000400                __LOCK_REGION_LENGTH__ = DEFINED (__LOCK_REGION_LENGTH__)?__LOCK_REGION_LENGTH__:0x400
                0x00000400                __SIGNATURE_REGION_LENGTH__ = DEFINED (__SIGNATURE_REGION_LENGTH__)?__SIGNATURE_REGION_LENGTH__:0x400
                0x00000400                __USER_SIGNATURE_REGION_LENGTH__ = DEFINED (__USER_SIGNATURE_REGION_LENGTH__)?__USER_SIGNATURE_REGION_LENGTH__:0x400

.hash
 *(.hash)

.dynsym
 *(.dynsym)

.dynstr
 *(.dynstr)

.gnu.version
 *(.gnu.version)

.gnu.version_d
 *(.gnu.version_d)

.gnu.version_r
 *(.gnu.version_r)

.rel.init
 *(.rel.init)

.rela.init
 *(.rela.init)

.rel.text
 *(.rel.text)
 *(.rel.text.*)
 *(.rel.gnu.linkonce.t*)

.rela.text
 *(.rela.text)
 *(.rela.text.*)
 *(.rela.gnu.linkonce.t*)

.rel.fini
 *(.rel.fini)

.rela.fini
 *(.rela.fini)

.rel.rodata
 *(.rel.rodata)
 *(.rel.rodata.*)
 *(.rel.gnu.linkonce.r*)

.rela.rodata
 *(.rela.rodata)
 *(.rela.rodata.*)
 *(.rela.gnu.linkonce.r*)

.rel.data
 *(.rel.data)
 *(.rel.data.*)
 *(.rel.gnu.linkonce.d*)

.rela.data
 *(.rela.data)
 *(.rela.data.*)
 *(.rela.gnu.linkonce.d*)

.rel.ctors
 *(.rel.ctors)

.rela.ctors
 *(.rela.ctors)

.rel.dtors
 *(.rel.dtors)

.rela.dtors
 *(.rela.dtors)

.rel.got
 *(.rel.got)

.rela.got
 *(.rela.got)

.rel.bss
 *(.rel.bss)

.rela.bss
 *(.rela.bss)

.rel.plt
 *(.rel.plt)

.rela.plt
 *(.rela.plt)

.text           0x00000000     0x2226
 *(.vectors)
 .vectors       0x00000000       0x54 C:/Program Files (x86)/Atmel/Studio/7.0/Packs/atmel/ATmega_DFP/1.7.374/gcc/dev/atmega32/avr5/crtatmega32.o
                0x00000000                __vector_default
                0x00000000                __vectors
 *(.vectors)
 *(.progmem.gcc*)
                0x00000054                . = ALIGN (0x2)
                0x00000054                __trampolines_start = .
 *(.trampolines)
 .trampolines   0x00000054        0x0 linker stubs
 *(.trampolines*)
                0x00000054                __trampolines_end = .
 *libprintf_flt.a:*(.progmem.data)
 *libc.a:*(.progmem.data)
 *(.progmem*)
                0x00000054                . = ALIGN (0x2)
 *(.jumptables)
 *(.jumptables*)
 *(.lowtext)
 *(.lowtext*)
                0x00000054                __ctors_start = .
 *(.ctors)
                0x00000054                __ctors_end = .
                0x00000054                __dtors_start = .
 *(.dtors)
                0x00000054                __dtors_end = .
 SORT(*)(.ctors)
 SORT(*)(.dtors)
 *(.init0)
 .init0         0x00000054        0x0 C:/Program Files (x86)/Atmel/Studio/7.0/Packs/atmel/ATmega_DFP/1.7.374/gcc/dev/atmega32/avr5/crtatmega32.o
                0x00000054                __init
 *(.init0)
 *(.init1)
 *(.init1)
 *(.init2)
 .init2         0x00000054        0xc C:/Program Files (x86)/Atmel/Studio/7.0/Packs/atmel/ATmega_DFP/1.7.374/gcc/dev/atmega32/avr5/crtatmega32.o
 *(.init2)
 *(.init3)
 *(.init3)
 *(.init4)
 .init4         0x00000060       0x16 c:/program files (x86)/atmel/studio/7.0/toolchain/avr8/avr8-gnu-toolchain/bin/../lib/gcc/avr/5.4.0/avr5\libgcc.a(_copy_data.o)
                0x00000060                __do_copy_data
 .init4         0x00000076       0x10 c:/program files (x86)/atmel/studio/7.0/toolchain/avr8/avr8-gnu-toolchain/bin/../lib/gcc/avr/5.4.0/avr5\libgcc.a(_clear_bss.o)
                0x00000076                __do_clear_bss
 *(.init4)
 *(.init5)
 *(.init5)
 *(.init6)
 *(.init6)
 *(.init7)
 *(.init7)
 *(.init8)
 *(.init8)
 *(.init9)
 .init9         0x00000086        0x8 C:/Program Files (x86)/Atmel/Studio/7.0/Packs/atmel/ATmega_DFP/1.7.374/gcc/dev/atmega32/avr5/crtatmega32.o
 *(.init9)
 *(.text)
 .text          0x0000008e        0x4 C:/Program Files (x86)/Atmel/Studio/7.0/Packs/atmel/ATmega_DFP/1.7.374/gcc/dev/atmega32/avr5/crtatmega32.o
                0x0000008e                __vector_12
                0x0000008e                __bad_interrupt
                0x0000008e                __vector_6
                0x0000008e                __vector_19
                0x0000008e                __vector_9
                0x0000008e                __vector_8
                0x0000008e                __vector_14
                0x0000008e                __vector_18
                0x0000008e                __vector_20
                0x00000092                . = ALIGN (0x2)
 *(.text.*)
 .text.TxHandler
                0x00000092        0x2 APP/main.o
                0x00000092                TxHandler
 .text.RxHandler
                0x00000094      0x22e APP/main.o
                0x00000094                RxHandler
 .text.check_password
                0x000002c2       0xd2 APP/main.o
                0x000002c2                check_password
 .text.check_username
                0x00000394       0xf2 APP/main.o
                0x00000394                check_username
 .text.Register
                0x00000486      0x118 APP/main.o
                0x00000486                Register
 .text.System_enter
                0x0000059e       0xac APP/main.o
                0x0000059e                System_enter
 .text.System_enter_user
                0x0000064a       0xd0 APP/main.o
                0x0000064a                System_enter_user
 .text.member_delete
                0x0000071a       0x20 APP/main.o
                0x0000071a                member_delete
 .text.main     0x0000073a      0x62c APP/main.o
                0x0000073a                main
 .text.vListInsertEnd
                0x00000d66       0x42 FreeRTOS/list.o
                0x00000d66                vListInsertEnd
 .text.uxListRemove
                0x00000da8       0x4c FreeRTOS/list.o
                0x00000da8                uxListRemove
 .text.vPortYieldFromTick
                0x00000df4       0xb8 FreeRTOS/port.o
                0x00000df4                vPortYieldFromTick
 .text.__vector_7
                0x00000eac        0x6 FreeRTOS/port.o
                0x00000eac                __vector_7
 .text.prvResetNextTaskUnblockTime
                0x00000eb2       0x3e FreeRTOS/tasks.o
 .text.xTaskIncrementTick
                0x00000ef0      0x174 FreeRTOS/tasks.o
                0x00000ef0                xTaskIncrementTick
 .text.vTaskSwitchContext
                0x00001064       0xa8 FreeRTOS/tasks.o
                0x00001064                vTaskSwitchContext
 .text.DCMOTOR_voidInit
                0x0000110c       0x20 HAL/DC_MOTOR/DC_prog.o
                0x0000110c                DCMOTOR_voidInit
 .text.DCMOTOR_voidForward
                0x0000112c       0x1e HAL/DC_MOTOR/DC_prog.o
                0x0000112c                DCMOTOR_voidForward
 .text.EEPROM_voidSendData
                0x0000114a       0x3c HAL/EEPROM/EEPROM_prog.o
                0x0000114a                EEPROM_voidSendData
 .text.EEPROM_voidReciveData
                0x00001186       0x46 HAL/EEPROM/EEPROM_prog.o
                0x00001186                EEPROM_voidReciveData
 .text.KEYPAD_voidInit
                0x000011cc       0xa4 HAL/KEYPAD/KEYPAD_prog.o
                0x000011cc                KEYPAD_voidInit
 .text.KEYPAD_u8GetKey
                0x00001270       0xe6 HAL/KEYPAD/KEYPAD_prog.o
                0x00001270                KEYPAD_u8GetKey
 .text.LCD_SHDATA
                0x00001356       0x64 HAL/LCD/LCD_prog.o
 .text.LCD_voidSendEnablePulse
                0x000013ba       0x22 HAL/LCD/LCD_prog.o
 .text.LCD_voidSendCommand
                0x000013dc       0x34 HAL/LCD/LCD_prog.o
                0x000013dc                LCD_voidSendCommand
 .text.LCD_voidInit
                0x00001410       0x7c HAL/LCD/LCD_prog.o
                0x00001410                LCD_voidInit
 .text.LCD_voidSendData
                0x0000148c       0x34 HAL/LCD/LCD_prog.o
                0x0000148c                LCD_voidSendData
 .text.LCD_voidSendString
                0x000014c0       0x26 HAL/LCD/LCD_prog.o
                0x000014c0                LCD_voidSendString
 .text.LCD_voidGotoXY
                0x000014e6       0x26 HAL/LCD/LCD_prog.o
                0x000014e6                LCD_voidGotoXY
 .text.LCD_voidIntDisplay
                0x0000150c       0xec HAL/LCD/LCD_prog.o
                0x0000150c                LCD_voidIntDisplay
 .text.SERVO_voidSetAngle
                0x000015f8       0x32 HAL/SERVO_MOTOR/SERVO_prog.o
                0x000015f8                SERVO_voidSetAngle
 .text.SERVO_voidinit
                0x0000162a       0x18 HAL/SERVO_MOTOR/SERVO_prog.o
                0x0000162a                SERVO_voidinit
 .text.ADC_voidInit
                0x00001642       0x20 MCAL/ADC/ADC_prog.o
                0x00001642                ADC_voidInit
 .text.ADC_u16ReadChannel
                0x00001662       0x1c MCAL/ADC/ADC_prog.o
                0x00001662                ADC_u16ReadChannel
 .text.__vector_16
                0x0000167e       0x66 MCAL/ADC_INT/ADC_INT_prog.o
                0x0000167e                __vector_16
 .text.DIO_VoidSetPinDir
                0x000016e4       0xec MCAL/DIO/DIO_prog.o
                0x000016e4                DIO_VoidSetPinDir
 .text.DIO_VoidSetPinVal
                0x000017d0       0xec MCAL/DIO/DIO_prog.o
                0x000017d0                DIO_VoidSetPinVal
 .text.DIO_voidTogglePinVal
                0x000018bc       0x6c MCAL/DIO/DIO_prog.o
                0x000018bc                DIO_voidTogglePinVal
 .text.DIO_U8ReadPinVal
                0x00001928       0x64 MCAL/DIO/DIO_prog.o
                0x00001928                DIO_U8ReadPinVal
 .text.DIO_VoidSetPortDir
                0x0000198c       0x20 MCAL/DIO/DIO_prog.o
                0x0000198c                DIO_VoidSetPortDir
 .text.__vector_1
                0x000019ac       0x4e MCAL/EXTI/EXTI_prog.o
                0x000019ac                __vector_1
 .text.__vector_2
                0x000019fa       0x4e MCAL/EXTI/EXTI_prog.o
                0x000019fa                __vector_2
 .text.__vector_3
                0x00001a48       0x4e MCAL/EXTI/EXTI_prog.o
                0x00001a48                __vector_3
 .text.GI_voidEnable
                0x00001a96        0x8 MCAL/GI/GI_prog.o
                0x00001a96                GI_voidEnable
 .text.__vector_17
                0x00001a9e       0x1e MCAL/IEEPROM/IEEPROM_prog.o
                0x00001a9e                __vector_17
 .text.TIMER0_voidFastPWM
                0x00001abc       0x3e MCAL/TIMER0/TIMER0_prog.o
                0x00001abc                TIMER0_voidFastPWM
 .text.__vector_11
                0x00001afa       0x52 MCAL/TIMER0/TIMER0_prog.o
                0x00001afa                __vector_11
 .text.__vector_10
                0x00001b4c       0x52 MCAL/TIMER0/TIMER0_prog.o
                0x00001b4c                __vector_10
 .text.TIMER1_void10BitResFastPWM
                0x00001b9e       0x82 MCAL/TIMER1/TIMER1_prog.o
                0x00001b9e                TIMER1_void10BitResFastPWM
 .text.TIMER1_voidFastPWM_ICR
                0x00001c20       0x36 MCAL/TIMER1/TIMER1_prog.o
                0x00001c20                TIMER1_voidFastPWM_ICR
 .text.TIMER1_voidSetOCRVal
                0x00001c56       0x16 MCAL/TIMER1/TIMER1_prog.o
                0x00001c56                TIMER1_voidSetOCRVal
 .text.__vector_5
                0x00001c6c       0x4e MCAL/TIMER2/TIMER2_prog.o
                0x00001c6c                __vector_5
 .text.__vector_4
                0x00001cba       0x4e MCAL/TIMER2/TIMER2_prog.o
                0x00001cba                __vector_4
 .text.TWI_voidMasterInit
                0x00001d08       0x26 MCAL/TWI/TWI_prog.o
                0x00001d08                TWI_voidMasterInit
 .text.TWI_TWI_ErrSendStartCondition
                0x00001d2e       0x22 MCAL/TWI/TWI_prog.o
                0x00001d2e                TWI_TWI_ErrSendStartCondition
 .text.TWI_TWI_ErrSendRepeatedStart
                0x00001d50       0x22 MCAL/TWI/TWI_prog.o
                0x00001d50                TWI_TWI_ErrSendRepeatedStart
 .text.TWI_TWI_ErrMasterSendSlaveAddressWithWrite
                0x00001d72       0x2c MCAL/TWI/TWI_prog.o
                0x00001d72                TWI_TWI_ErrMasterSendSlaveAddressWithWrite
 .text.TWI_TWI_ErrMasterSendSlaveAddressWithRead
                0x00001d9e       0x2c MCAL/TWI/TWI_prog.o
                0x00001d9e                TWI_TWI_ErrMasterSendSlaveAddressWithRead
 .text.TWI_TWI_ErrMasterSendData
                0x00001dca       0x1e MCAL/TWI/TWI_prog.o
                0x00001dca                TWI_TWI_ErrMasterSendData
 .text.TWI_TWI_ErrMasterReciveData
                0x00001de8       0x22 MCAL/TWI/TWI_prog.o
                0x00001de8                TWI_TWI_ErrMasterReciveData
 .text.TWI_voidSendStopCondition
                0x00001e0a       0x14 MCAL/TWI/TWI_prog.o
                0x00001e0a                TWI_voidSendStopCondition
 .text.UART_INIT_voidInit
                0x00001e1e       0x5a MCAL/UART_INT/UART_prog.o
                0x00001e1e                UART_INIT_voidInit
 .text.UART_voidSendAsync
                0x00001e78        0x4 MCAL/UART_INT/UART_prog.o
                0x00001e78                UART_voidSendAsync
 .text.UART_SetRxCallback
                0x00001e7c        0xa MCAL/UART_INT/UART_prog.o
                0x00001e7c                UART_SetRxCallback
 .text.UART_SetTxCallback
                0x00001e86        0xa MCAL/UART_INT/UART_prog.o
                0x00001e86                UART_SetTxCallback
 .text.UART_voidSendString_INT
                0x00001e90       0x26 MCAL/UART_INT/UART_prog.o
                0x00001e90                UART_voidSendString_INT
 .text.__vector_13
                0x00001eb6       0x54 MCAL/UART_INT/UART_prog.o
                0x00001eb6                __vector_13
 .text.__vector_15
                0x00001f0a       0x52 MCAL/UART_INT/UART_prog.o
                0x00001f0a                __vector_15
 .text.WDT_voidStart
                0x00001f5c       0x10 MCAL/WDT/WDT_prog.o
                0x00001f5c                WDT_voidStart
 .text.avr-libc.fplib
                0x00001f6c       0x5e c:/program files (x86)/atmel/studio/7.0/toolchain/avr8/avr8-gnu-toolchain/bin/../lib/gcc/avr/5.4.0/../../../../avr/lib/avr5\libm.a(fixunssfsi.o)
                0x00001f6c                __fixunssfsi
 .text.avr-libc.fplib
                0x00001fca       0x7a c:/program files (x86)/atmel/studio/7.0/toolchain/avr8/avr8-gnu-toolchain/bin/../lib/gcc/avr/5.4.0/../../../../avr/lib/avr5\libm.a(floatsisf.o)
                0x00001fca                __floatunsisf
                0x00001fce                __floatsisf
 .text.avr-libc.fplib
                0x00002044        0xc c:/program files (x86)/atmel/studio/7.0/toolchain/avr8/avr8-gnu-toolchain/bin/../lib/gcc/avr/5.4.0/../../../../avr/lib/avr5\libm.a(fp_inf.o)
                0x00002044                __fp_inf
 .text.avr-libc.fplib
                0x00002050        0x6 c:/program files (x86)/atmel/studio/7.0/toolchain/avr8/avr8-gnu-toolchain/bin/../lib/gcc/avr/5.4.0/../../../../avr/lib/avr5\libm.a(fp_nan.o)
                0x00002050                __fp_nan
 .text.avr-libc.fplib
                0x00002056        0xe c:/program files (x86)/atmel/studio/7.0/toolchain/avr8/avr8-gnu-toolchain/bin/../lib/gcc/avr/5.4.0/../../../../avr/lib/avr5\libm.a(fp_pscA.o)
                0x00002056                __fp_pscA
 .text.avr-libc.fplib
                0x00002064        0xe c:/program files (x86)/atmel/studio/7.0/toolchain/avr8/avr8-gnu-toolchain/bin/../lib/gcc/avr/5.4.0/../../../../avr/lib/avr5\libm.a(fp_pscB.o)
                0x00002064                __fp_pscB
 .text.avr-libc.fplib
                0x00002072       0x22 c:/program files (x86)/atmel/studio/7.0/toolchain/avr8/avr8-gnu-toolchain/bin/../lib/gcc/avr/5.4.0/../../../../avr/lib/avr5\libm.a(fp_round.o)
                0x00002072                __fp_round
 .text.avr-libc.fplib
                0x00002094       0x44 c:/program files (x86)/atmel/studio/7.0/toolchain/avr8/avr8-gnu-toolchain/bin/../lib/gcc/avr/5.4.0/../../../../avr/lib/avr5\libm.a(fp_split3.o)
                0x00002094                __fp_split3
                0x000020a4                __fp_splitA
 .text.avr-libc.fplib
                0x000020d8        0xe c:/program files (x86)/atmel/studio/7.0/toolchain/avr8/avr8-gnu-toolchain/bin/../lib/gcc/avr/5.4.0/../../../../avr/lib/avr5\libm.a(fp_zero.o)
                0x000020d8                __fp_zero
                0x000020da                __fp_szero
 .text.avr-libc.fplib
                0x000020e6        0x8 c:/program files (x86)/atmel/studio/7.0/toolchain/avr8/avr8-gnu-toolchain/bin/../lib/gcc/avr/5.4.0/../../../../avr/lib/avr5\libm.a(mulsf3.o)
                0x000020e6                __mulsf3
 .text.avr-libc.fplib
                0x000020ee       0xd2 c:/program files (x86)/atmel/studio/7.0/toolchain/avr8/avr8-gnu-toolchain/bin/../lib/gcc/avr/5.4.0/../../../../avr/lib/avr5\libm.a(mulsf3x.o)
                0x0000210c                __mulsf3x
                0x00002112                __mulsf3_pse
 .text.libgcc.div
                0x000021c0       0x44 c:/program files (x86)/atmel/studio/7.0/toolchain/avr8/avr8-gnu-toolchain/bin/../lib/gcc/avr/5.4.0/avr5\libgcc.a(_udivmodsi4.o)
                0x000021c0                __udivmodsi4
 .text.libgcc.mul
                0x00002204       0x1e c:/program files (x86)/atmel/studio/7.0/toolchain/avr8/avr8-gnu-toolchain/bin/../lib/gcc/avr/5.4.0/avr5\libgcc.a(_umulhisi3.o)
                0x00002204                __umulhisi3
                0x00002222                . = ALIGN (0x2)
 *(.fini9)
 .fini9         0x00002222        0x0 c:/program files (x86)/atmel/studio/7.0/toolchain/avr8/avr8-gnu-toolchain/bin/../lib/gcc/avr/5.4.0/avr5\libgcc.a(_exit.o)
                0x00002222                _exit
                0x00002222                exit
 *(.fini9)
 *(.fini8)
 *(.fini8)
 *(.fini7)
 *(.fini7)
 *(.fini6)
 *(.fini6)
 *(.fini5)
 *(.fini5)
 *(.fini4)
 *(.fini4)
 *(.fini3)
 *(.fini3)
 *(.fini2)
 *(.fini2)
 *(.fini1)
 *(.fini1)
 *(.fini0)
 .fini0         0x00002222        0x4 c:/program files (x86)/atmel/studio/7.0/toolchain/avr8/avr8-gnu-toolchain/bin/../lib/gcc/avr/5.4.0/avr5\libgcc.a(_exit.o)
 *(.fini0)
                0x00002226                _etext = .

.data           0x00800060      0x18a load address 0x00002226
                0x00800060                PROVIDE (__data_start, .)
 *(.data)
 *(.data*)
 .data.condition
                0x00800060        0x1 APP/main.o
                0x00800060                condition
 .data.KEYPAD_DATA
                0x00800061       0x10 HAL/KEYPAD/KEYPAD_prog.o
                0x00800061                KEYPAD_DATA
 *(.gnu.linkonce.d*)
 *(.rodata)
 *(.rodata*)
 .rodata.str1.1
                0x00800071      0x176 APP/main.o
                                0x1a3 (size before relaxing)
 .rodata.str1.1
                0x008001e7        0x2 HAL/LCD/LCD_prog.o
 *(.gnu.linkonce.r*)
                0x008001ea                . = ALIGN (0x2)
 *fill*         0x008001e9        0x1 
                0x008001ea                _edata = .
                0x008001ea                PROVIDE (__data_end, .)

.bss            0x008001ea       0xfb
                0x008001ea                PROVIDE (__bss_start, .)
 *(.bss)
 *(.bss*)
 .bss.LOC.2054  0x008001ea        0x1 APP/main.o
 .bss.temp.2055
                0x008001eb        0x5 APP/main.o
 .bss.Reg_counter.2053
                0x008001f0        0x1 APP/main.o
 .bss.loc.2052  0x008001f1        0x1 APP/main.o
 .bss.optimal   0x008001f2        0x1 APP/main.o
                0x008001f2                optimal
 .bss.user_name
                0x008001f3        0x1 APP/main.o
                0x008001f3                user_name
 .bss.global    0x008001f4        0x1 APP/main.o
                0x008001f4                global
 .bss.user_number
                0x008001f5        0x1 APP/main.o
                0x008001f5                user_number
 .bss.Erorr_number
                0x008001f6        0x1 APP/main.o
                0x008001f6                Erorr_number
 .bss.password_iteration
                0x008001f7        0x1 APP/main.o
                0x008001f7                password_iteration
 .bss.state     0x008001f8        0x1 APP/main.o
                0x008001f8                state
 .bss.count     0x008001f9        0x1 APP/main.o
                0x008001f9                count
 .bss.pasword   0x008001fa        0x5 APP/main.o
                0x008001fa                pasword
 .bss.uxSchedulerSuspended
                0x008001ff        0x1 FreeRTOS/tasks.o
 .bss.xNextTaskUnblockTime
                0x00800200        0x2 FreeRTOS/tasks.o
 .bss.xNumOfOverflows
                0x00800202        0x1 FreeRTOS/tasks.o
 .bss.xYieldPending
                0x00800203        0x1 FreeRTOS/tasks.o
 .bss.uxPendedTicks
                0x00800204        0x1 FreeRTOS/tasks.o
 .bss.uxTopReadyPriority
                0x00800205        0x1 FreeRTOS/tasks.o
 .bss.xTickCount
                0x00800206        0x2 FreeRTOS/tasks.o
 .bss.pxOverflowDelayedTaskList
                0x00800208        0x2 FreeRTOS/tasks.o
 .bss.pxDelayedTaskList
                0x0080020a        0x2 FreeRTOS/tasks.o
 .bss.pxReadyTasksLists
                0x0080020c       0x1b FreeRTOS/tasks.o
 .bss.pxCurrentTCB
                0x00800227        0x2 FreeRTOS/tasks.o
                0x00800227                pxCurrentTCB
 .bss.ADC_callback
                0x00800229        0x2 MCAL/ADC_INT/ADC_INT_prog.o
 .bss.ADC_DATA  0x0080022b        0x2 MCAL/ADC_INT/ADC_INT_prog.o
                0x0080022b                ADC_DATA
 .bss.EXTI_PTR  0x0080022d        0x6 MCAL/EXTI/EXTI_prog.o
                0x0080022d                EXTI_PTR
 .bss.eepromWriteComplete
                0x00800233        0x1 MCAL/IEEPROM/IEEPROM_prog.o
                0x00800233                eepromWriteComplete
 .bss.TIMER_PTR
                0x00800234        0x4 MCAL/TIMER0/TIMER0_prog.o
                0x00800234                TIMER_PTR
 .bss.TIMER2_PTR
                0x00800238        0x4 MCAL/TIMER2/TIMER2_prog.o
                0x00800238                TIMER2_PTR
 .bss.UART_pfTxCallback
                0x0080023c        0x2 MCAL/UART_INT/UART_prog.o
 .bss.UART_pfRxCallback
                0x0080023e        0x2 MCAL/UART_INT/UART_prog.o
 *(COMMON)
 COMMON         0x00800240       0xa5 APP/main.o
                0x00800240                arr
                0x008002d6                RAM
                0x008002e5                PROVIDE (__bss_end, .)
                0x00002226                __data_load_start = LOADADDR (.data)
                0x000023b0                __data_load_end = (__data_load_start + SIZEOF (.data))

.noinit         0x008002e5        0x0
                [!provide]                PROVIDE (__noinit_start, .)
 *(.noinit*)
                [!provide]                PROVIDE (__noinit_end, .)
                0x008002e5                _end = .
                [!provide]                PROVIDE (__heap_start, .)

.eeprom         0x00810000        0x0
 *(.eeprom*)
                0x00810000                __eeprom_end = .

.fuse
 *(.fuse)
 *(.lfuse)
 *(.hfuse)
 *(.efuse)

.lock
 *(.lock*)

.signature
 *(.signature*)

.user_signatures
 *(.user_signatures*)

.stab
 *(.stab)

.stabstr
 *(.stabstr)

.stab.excl
 *(.stab.excl)

.stab.exclstr
 *(.stab.exclstr)

.stab.index
 *(.stab.index)

.stab.indexstr
 *(.stab.indexstr)

.comment        0x00000000       0x30
 *(.comment)
 .comment       0x00000000       0x30 APP/main.o
                                 0x31 (size before relaxing)
 .comment       0x00000030       0x31 FreeRTOS/list.o
 .comment       0x00000030       0x31 FreeRTOS/port.o
 .comment       0x00000030       0x31 FreeRTOS/tasks.o
 .comment       0x00000030       0x31 HAL/DC_MOTOR/DC_prog.o
 .comment       0x00000030       0x31 HAL/EEPROM/EEPROM_prog.o
 .comment       0x00000030       0x31 HAL/KEYPAD/KEYPAD_prog.o
 .comment       0x00000030       0x31 HAL/LCD/LCD_prog.o
 .comment       0x00000030       0x31 HAL/SERVO_MOTOR/SERVO_prog.o
 .comment       0x00000030       0x31 MCAL/ADC/ADC_prog.o
 .comment       0x00000030       0x31 MCAL/ADC_INT/ADC_INT_prog.o
 .comment       0x00000030       0x31 MCAL/DIO/DIO_prog.o
 .comment       0x00000030       0x31 MCAL/EXTI/EXTI_prog.o
 .comment       0x00000030       0x31 MCAL/GI/GI_prog.o
 .comment       0x00000030       0x31 MCAL/IEEPROM/IEEPROM_prog.o
 .comment       0x00000030       0x31 MCAL/TIMER0/TIMER0_prog.o
 .comment       0x00000030       0x31 MCAL/TIMER1/TIMER1_prog.o
 .comment       0x00000030       0x31 MCAL/TIMER2/TIMER2_prog.o
 .comment       0x00000030       0x31 MCAL/TWI/TWI_prog.o
 .comment       0x00000030       0x31 MCAL/UART_INT/UART_prog.o
 .comment       0x00000030       0x31 MCAL/WDT/WDT_prog.o

.note.gnu.avr.deviceinfo
                0x00000000       0x3c
 .note.gnu.avr.deviceinfo
                0x00000000       0x3c C:/Program Files (x86)/Atmel/Studio/7.0/Packs/atmel/ATmega_DFP/1.7.374/gcc/dev/atmega32/avr5/crtatmega32.o

.note.gnu.build-id
 *(.note.gnu.build-id)

.debug
 *(.debug)

.line
 *(.line)

.debug_srcinfo
 *(.debug_srcinfo)

.debug_sfnames
 *(.debug_sfnames)

.debug_aranges  0x00000000      0x710
 *(.debug_aranges)
 .debug_aranges
                0x00000000       0x60 APP/main.o
 .debug_aranges
                0x00000060       0x40 FreeRTOS/list.o
 .debug_aranges
                0x000000a0       0x50 FreeRTOS/port.o
 .debug_aranges
                0x000000f0      0x180 FreeRTOS/tasks.o
 .debug_aranges
                0x00000270       0x48 HAL/DC_MOTOR/DC_prog.o
 .debug_aranges
                0x000002b8       0x28 HAL/EEPROM/EEPROM_prog.o
 .debug_aranges
                0x000002e0       0x28 HAL/KEYPAD/KEYPAD_prog.o
 .debug_aranges
                0x00000308       0x78 HAL/LCD/LCD_prog.o
 .debug_aranges
                0x00000380       0x30 HAL/SERVO_MOTOR/SERVO_prog.o
 .debug_aranges
                0x000003b0       0x38 MCAL/ADC/ADC_prog.o
 .debug_aranges
                0x000003e8       0x40 MCAL/ADC_INT/ADC_INT_prog.o
 .debug_aranges
                0x00000428       0x50 MCAL/DIO/DIO_prog.o
 .debug_aranges
                0x00000478       0x48 MCAL/EXTI/EXTI_prog.o
 .debug_aranges
                0x000004c0       0x28 MCAL/GI/GI_prog.o
 .debug_aranges
                0x000004e8       0x48 MCAL/IEEPROM/IEEPROM_prog.o
 .debug_aranges
                0x00000530       0x48 MCAL/TIMER0/TIMER0_prog.o
 .debug_aranges
                0x00000578       0x48 MCAL/TIMER1/TIMER1_prog.o
 .debug_aranges
                0x000005c0       0x48 MCAL/TIMER2/TIMER2_prog.o
 .debug_aranges
                0x00000608       0x90 MCAL/TWI/TWI_prog.o
 .debug_aranges
                0x00000698       0x50 MCAL/UART_INT/UART_prog.o
 .debug_aranges
                0x000006e8       0x28 MCAL/WDT/WDT_prog.o

.debug_pubnames
 *(.debug_pubnames)

.debug_info     0x00000000     0x6cf6
 *(.debug_info .gnu.linkonce.wi.*)
 .debug_info    0x00000000      0x4e6 C:/Program Files (x86)/Atmel/Studio/7.0/Packs/atmel/ATmega_DFP/1.7.374/gcc/dev/atmega32/avr5/crtatmega32.o
 .debug_info    0x000004e6     0x1b24 APP/main.o
 .debug_info    0x0000200a      0x2cd FreeRTOS/list.o
 .debug_info    0x000022d7      0x24e FreeRTOS/port.o
 .debug_info    0x00002525     0x1c9f FreeRTOS/tasks.o
 .debug_info    0x000041c4      0x4c5 HAL/DC_MOTOR/DC_prog.o
 .debug_info    0x00004689      0x2af HAL/EEPROM/EEPROM_prog.o
 .debug_info    0x00004938      0x27e HAL/KEYPAD/KEYPAD_prog.o
 .debug_info    0x00004bb6      0x8d6 HAL/LCD/LCD_prog.o
 .debug_info    0x0000548c      0x1bd HAL/SERVO_MOTOR/SERVO_prog.o
 .debug_info    0x00005649      0x177 MCAL/ADC/ADC_prog.o
 .debug_info    0x000057c0      0x212 MCAL/ADC_INT/ADC_INT_prog.o
 .debug_info    0x000059d2      0x204 MCAL/DIO/DIO_prog.o
 .debug_info    0x00005bd6      0x1a4 MCAL/EXTI/EXTI_prog.o
 .debug_info    0x00005d7a       0xa6 MCAL/GI/GI_prog.o
 .debug_info    0x00005e20      0x1a0 MCAL/IEEPROM/IEEPROM_prog.o
 .debug_info    0x00005fc0      0x1f2 MCAL/TIMER0/TIMER0_prog.o
 .debug_info    0x000061b2      0x188 MCAL/TIMER1/TIMER1_prog.o
 .debug_info    0x0000633a      0x1e5 MCAL/TIMER2/TIMER2_prog.o
 .debug_info    0x0000651f      0x489 MCAL/TWI/TWI_prog.o
 .debug_info    0x000069a8      0x286 MCAL/UART_INT/UART_prog.o
 .debug_info    0x00006c2e       0xc8 MCAL/WDT/WDT_prog.o

.debug_abbrev   0x00000000     0x1cd9
 *(.debug_abbrev)
 .debug_abbrev  0x00000000      0x4a3 C:/Program Files (x86)/Atmel/Studio/7.0/Packs/atmel/ATmega_DFP/1.7.374/gcc/dev/atmega32/avr5/crtatmega32.o
 .debug_abbrev  0x000004a3      0x2b0 APP/main.o
 .debug_abbrev  0x00000753       0xf8 FreeRTOS/list.o
 .debug_abbrev  0x0000084b      0x143 FreeRTOS/port.o
 .debug_abbrev  0x0000098e      0x2bf FreeRTOS/tasks.o
 .debug_abbrev  0x00000c4d       0xbf HAL/DC_MOTOR/DC_prog.o
 .debug_abbrev  0x00000d0c      0x152 HAL/EEPROM/EEPROM_prog.o
 .debug_abbrev  0x00000e5e       0xdb HAL/KEYPAD/KEYPAD_prog.o
 .debug_abbrev  0x00000f39      0x201 HAL/LCD/LCD_prog.o
 .debug_abbrev  0x0000113a       0xc1 HAL/SERVO_MOTOR/SERVO_prog.o
 .debug_abbrev  0x000011fb       0x9a MCAL/ADC/ADC_prog.o
 .debug_abbrev  0x00001295       0xf8 MCAL/ADC_INT/ADC_INT_prog.o
 .debug_abbrev  0x0000138d       0x9a MCAL/DIO/DIO_prog.o
 .debug_abbrev  0x00001427       0xcf MCAL/EXTI/EXTI_prog.o
 .debug_abbrev  0x000014f6       0x46 MCAL/GI/GI_prog.o
 .debug_abbrev  0x0000153c       0xd5 MCAL/IEEPROM/IEEPROM_prog.o
 .debug_abbrev  0x00001611       0xf8 MCAL/TIMER0/TIMER0_prog.o
 .debug_abbrev  0x00001709       0xe8 MCAL/TIMER1/TIMER1_prog.o
 .debug_abbrev  0x000017f1       0xf8 MCAL/TIMER2/TIMER2_prog.o
 .debug_abbrev  0x000018e9      0x20c MCAL/TWI/TWI_prog.o
 .debug_abbrev  0x00001af5      0x168 MCAL/UART_INT/UART_prog.o
 .debug_abbrev  0x00001c5d       0x7c MCAL/WDT/WDT_prog.o

.debug_line     0x00000000     0x464c
 *(.debug_line .debug_line.* .debug_line_end)
 .debug_line    0x00000000      0x116 C:/Program Files (x86)/Atmel/Studio/7.0/Packs/atmel/ATmega_DFP/1.7.374/gcc/dev/atmega32/avr5/crtatmega32.o
 .debug_line    0x00000116      0xe71 APP/main.o
 .debug_line    0x00000f87      0x1d2 FreeRTOS/list.o
 .debug_line    0x00001159      0x2a4 FreeRTOS/port.o
 .debug_line    0x000013fd     0x1178 FreeRTOS/tasks.o
 .debug_line    0x00002575      0x231 HAL/DC_MOTOR/DC_prog.o
 .debug_line    0x000027a6      0x1e4 HAL/EEPROM/EEPROM_prog.o
 .debug_line    0x0000298a      0x199 HAL/KEYPAD/KEYPAD_prog.o
 .debug_line    0x00002b23      0x4af HAL/LCD/LCD_prog.o
 .debug_line    0x00002fd2      0x14b HAL/SERVO_MOTOR/SERVO_prog.o
 .debug_line    0x0000311d      0x113 MCAL/ADC/ADC_prog.o
 .debug_line    0x00003230      0x133 MCAL/ADC_INT/ADC_INT_prog.o
 .debug_line    0x00003363      0x218 MCAL/DIO/DIO_prog.o
 .debug_line    0x0000357b      0x216 MCAL/EXTI/EXTI_prog.o
 .debug_line    0x00003791       0x82 MCAL/GI/GI_prog.o
 .debug_line    0x00003813      0x16a MCAL/IEEPROM/IEEPROM_prog.o
 .debug_line    0x0000397d      0x1d4 MCAL/TIMER0/TIMER0_prog.o
 .debug_line    0x00003b51      0x1af MCAL/TIMER1/TIMER1_prog.o
 .debug_line    0x00003d00      0x1c8 MCAL/TIMER2/TIMER2_prog.o
 .debug_line    0x00003ec8      0x4c0 MCAL/TWI/TWI_prog.o
 .debug_line    0x00004388      0x227 MCAL/UART_INT/UART_prog.o
 .debug_line    0x000045af       0x9d MCAL/WDT/WDT_prog.o

.debug_frame    0x00000000     0x13e4
 *(.debug_frame)
 .debug_frame   0x00000000      0x108 APP/main.o
 .debug_frame   0x00000108       0x88 FreeRTOS/list.o
 .debug_frame   0x00000190       0x84 FreeRTOS/port.o
 .debug_frame   0x00000214      0x5c4 FreeRTOS/tasks.o
 .debug_frame   0x000007d8       0x94 HAL/DC_MOTOR/DC_prog.o
 .debug_frame   0x0000086c       0x60 HAL/EEPROM/EEPROM_prog.o
 .debug_frame   0x000008cc       0x88 HAL/KEYPAD/KEYPAD_prog.o
 .debug_frame   0x00000954      0x188 HAL/LCD/LCD_prog.o
 .debug_frame   0x00000adc       0x54 HAL/SERVO_MOTOR/SERVO_prog.o
 .debug_frame   0x00000b30       0x90 MCAL/ADC/ADC_prog.o
 .debug_frame   0x00000bc0       0xc0 MCAL/ADC_INT/ADC_INT_prog.o
 .debug_frame   0x00000c80       0x84 MCAL/DIO/DIO_prog.o
 .debug_frame   0x00000d04      0x14c MCAL/EXTI/EXTI_prog.o
 .debug_frame   0x00000e50       0x34 MCAL/GI/GI_prog.o
 .debug_frame   0x00000e84       0x84 MCAL/IEEPROM/IEEPROM_prog.o
 .debug_frame   0x00000f08      0x104 MCAL/TIMER0/TIMER0_prog.o
 .debug_frame   0x0000100c       0x74 MCAL/TIMER1/TIMER1_prog.o
 .debug_frame   0x00001080      0x104 MCAL/TIMER2/TIMER2_prog.o
 .debug_frame   0x00001184      0x10c MCAL/TWI/TWI_prog.o
 .debug_frame   0x00001290      0x120 MCAL/UART_INT/UART_prog.o
 .debug_frame   0x000013b0       0x34 MCAL/WDT/WDT_prog.o

.debug_str      0x00000000     0x1db4
 *(.debug_str)
 .debug_str     0x00000000      0x196 C:/Program Files (x86)/Atmel/Studio/7.0/Packs/atmel/ATmega_DFP/1.7.374/gcc/dev/atmega32/avr5/crtatmega32.o
 .debug_str     0x00000196      0x4d2 APP/main.o
                                0x530 (size before relaxing)
 .debug_str     0x00000668      0x17a FreeRTOS/list.o
                                0x2a0 (size before relaxing)
 .debug_str     0x000007e2      0x127 FreeRTOS/port.o
                                0x299 (size before relaxing)
 .debug_str     0x00000909      0x975 FreeRTOS/tasks.o
                                0xcac (size before relaxing)
 .debug_str     0x0000127e       0x93 HAL/DC_MOTOR/DC_prog.o
                                0x264 (size before relaxing)
 .debug_str     0x00001311      0x12e HAL/EEPROM/EEPROM_prog.o
                                0x328 (size before relaxing)
 .debug_str     0x0000143f       0x69 HAL/KEYPAD/KEYPAD_prog.o
                                0x23d (size before relaxing)
 .debug_str     0x000014a8      0x14e HAL/LCD/LCD_prog.o
                                0x3cd (size before relaxing)
 .debug_str     0x000015f6       0x7d HAL/SERVO_MOTOR/SERVO_prog.o
                                0x20f (size before relaxing)
 .debug_str     0x00001673       0x85 MCAL/ADC/ADC_prog.o
                                0x1fe (size before relaxing)
 .debug_str     0x000016f8       0xbf MCAL/ADC_INT/ADC_INT_prog.o
                                0x27d (size before relaxing)
 .debug_str     0x000017b7       0x6a MCAL/DIO/DIO_prog.o
                                0x220 (size before relaxing)
 .debug_str     0x00001821       0xd2 MCAL/EXTI/EXTI_prog.o
                                0x234 (size before relaxing)
 .debug_str     0x000018f3       0x24 MCAL/GI/GI_prog.o
                                0x18b (size before relaxing)
 .debug_str     0x00001917       0x98 MCAL/IEEPROM/IEEPROM_prog.o
                                0x231 (size before relaxing)
 .debug_str     0x000019af       0xc5 MCAL/TIMER0/TIMER0_prog.o
                                0x23a (size before relaxing)
 .debug_str     0x00001a74       0x65 MCAL/TIMER1/TIMER1_prog.o
                                0x23c (size before relaxing)
 .debug_str     0x00001ad9       0x8c MCAL/TIMER2/TIMER2_prog.o
                                0x229 (size before relaxing)
 .debug_str     0x00001b65      0x191 MCAL/TWI/TWI_prog.o
                                0x460 (size before relaxing)
 .debug_str     0x00001cf6       0x8e MCAL/UART_INT/UART_prog.o
                                0x2b9 (size before relaxing)
 .debug_str     0x00001d84       0x30 MCAL/WDT/WDT_prog.o
                                0x1a3 (size before relaxing)

.debug_loc      0x00000000     0x55c1
 *(.debug_loc)
 .debug_loc     0x00000000      0xc58 APP/main.o
 .debug_loc     0x00000c58      0x145 FreeRTOS/list.o
 .debug_loc     0x00000d9d      0x2a0 FreeRTOS/port.o
 .debug_loc     0x0000103d     0x1f4f FreeRTOS/tasks.o
 .debug_loc     0x00002f8c      0x190 HAL/DC_MOTOR/DC_prog.o
 .debug_loc     0x0000311c      0x184 HAL/EEPROM/EEPROM_prog.o
 .debug_loc     0x000032a0      0x1db HAL/KEYPAD/KEYPAD_prog.o
 .debug_loc     0x0000347b      0x900 HAL/LCD/LCD_prog.o
 .debug_loc     0x00003d7b      0x108 HAL/SERVO_MOTOR/SERVO_prog.o
 .debug_loc     0x00003e83      0x205 MCAL/ADC/ADC_prog.o
 .debug_loc     0x00004088      0x2b6 MCAL/ADC_INT/ADC_INT_prog.o
 .debug_loc     0x0000433e      0x24e MCAL/DIO/DIO_prog.o
 .debug_loc     0x0000458c      0x337 MCAL/EXTI/EXTI_prog.o
 .debug_loc     0x000048c3       0xec MCAL/IEEPROM/IEEPROM_prog.o
 .debug_loc     0x000049af      0x2ca MCAL/TIMER0/TIMER0_prog.o
 .debug_loc     0x00004c79       0xb2 MCAL/TIMER1/TIMER1_prog.o
 .debug_loc     0x00004d2b      0x2ca MCAL/TIMER2/TIMER2_prog.o
 .debug_loc     0x00004ff5      0x32c MCAL/TWI/TWI_prog.o
 .debug_loc     0x00005321      0x261 MCAL/UART_INT/UART_prog.o
 .debug_loc     0x00005582       0x3f MCAL/WDT/WDT_prog.o

.debug_macinfo
 *(.debug_macinfo)

.debug_weaknames
 *(.debug_weaknames)

.debug_funcnames
 *(.debug_funcnames)

.debug_typenames
 *(.debug_typenames)

.debug_varnames
 *(.debug_varnames)

.debug_pubtypes
 *(.debug_pubtypes)

.debug_ranges   0x00000000      0x6c0
 *(.debug_ranges)
 .debug_ranges  0x00000000      0x110 APP/main.o
 .debug_ranges  0x00000110       0x30 FreeRTOS/list.o
 .debug_ranges  0x00000140       0x40 FreeRTOS/port.o
 .debug_ranges  0x00000180      0x1b0 FreeRTOS/tasks.o
 .debug_ranges  0x00000330       0x38 HAL/DC_MOTOR/DC_prog.o
 .debug_ranges  0x00000368       0x18 HAL/EEPROM/EEPROM_prog.o
 .debug_ranges  0x00000380       0x18 HAL/KEYPAD/KEYPAD_prog.o
 .debug_ranges  0x00000398       0x68 HAL/LCD/LCD_prog.o
 .debug_ranges  0x00000400       0x20 HAL/SERVO_MOTOR/SERVO_prog.o
 .debug_ranges  0x00000420       0x28 MCAL/ADC/ADC_prog.o
 .debug_ranges  0x00000448       0x30 MCAL/ADC_INT/ADC_INT_prog.o
 .debug_ranges  0x00000478       0x40 MCAL/DIO/DIO_prog.o
 .debug_ranges  0x000004b8       0x38 MCAL/EXTI/EXTI_prog.o
 .debug_ranges  0x000004f0       0x18 MCAL/GI/GI_prog.o
 .debug_ranges  0x00000508       0x38 MCAL/IEEPROM/IEEPROM_prog.o
 .debug_ranges  0x00000540       0x38 MCAL/TIMER0/TIMER0_prog.o
 .debug_ranges  0x00000578       0x38 MCAL/TIMER1/TIMER1_prog.o
 .debug_ranges  0x000005b0       0x38 MCAL/TIMER2/TIMER2_prog.o
 .debug_ranges  0x000005e8       0x80 MCAL/TWI/TWI_prog.o
 .debug_ranges  0x00000668       0x40 MCAL/UART_INT/UART_prog.o
 .debug_ranges  0x000006a8       0x18 MCAL/WDT/WDT_prog.o

.debug_macro
 *(.debug_macro)
OUTPUT(Embedded.elf elf32-avr)
LOAD linker stubs
